// Jest Snapshot v1, https://goo.gl/fbAQLP

exports[`FuncDialogue Forming a empty message 1`] = `
<DocumentFragment>
  <section>
    <div>
      <div>
        <p
          data-text="Initialization..."
        >
          Initialization...
        </p>
        <p
          data-text="Author: <Admin>"
        >
          Author: &lt;Admin&gt;
        </p>
      </div>
    </div>
    <form>
      <div>
        <input
          type="text"
          value=""
        />
      </div>
      <button
        class="MuiButton-root MuiButton-text MuiButton-textPrimary MuiButton-sizeMedium MuiButton-textSizeMedium MuiButtonBase-root  css-1t0zgcr-MuiButtonBase-root-MuiButton-root"
        style="width: 100px; font-family: Press Start 2P; color: rgba(50, 205, 50, 1);"
        tabindex="0"
        type="submit"
      >
        Send
        <span
          class="MuiTouchRipple-root css-8je8zh-MuiTouchRipple-root"
        />
      </button>
    </form>
  </section>
</DocumentFragment>
`;

exports[`FuncDialogue Render with snapshot 1`] = `
<DocumentFragment>
  <section>
    <div>
      <div>
        <p
          data-text="Initialization..."
        >
          Initialization...
        </p>
        <p
          data-text="Author: <Admin>"
        >
          Author: &lt;Admin&gt;
        </p>
      </div>
    </div>
    <form>
      <div>
        <input
          type="text"
          value=""
        />
      </div>
      <button
        class="MuiButton-root MuiButton-text MuiButton-textPrimary MuiButton-sizeMedium MuiButton-textSizeMedium MuiButtonBase-root  css-1t0zgcr-MuiButtonBase-root-MuiButton-root"
        style="width: 100px; font-family: Press Start 2P; color: rgba(50, 205, 50, 1);"
        tabindex="0"
        type="submit"
      >
        Send
        <span
          class="MuiTouchRipple-root css-8je8zh-MuiTouchRipple-root"
        />
      </button>
    </form>
  </section>
</DocumentFragment>
`;
