// Jest Snapshot v1, https://goo.gl/fbAQLP

exports[`ChatList test Adding an empty chat 1`] = `
<DocumentFragment>
  <aside>
    <div>
      Chats
    </div>
    <ul>
      <li>
        <a
          class=""
          href="/chats/initial"
        >
          initial
        </a>
        <button>
          X
        </button>
      </li>
    </ul>
    <form>
      <div>
        <input
          type="text"
          value=""
        />
      </div>
      <button
        type="submit"
      >
        Add chat
      </button>
    </form>
  </aside>
</DocumentFragment>
`;
